
Memory Configuration

Name             Origin             Length             Attributes
*default*        0x0000000000000000 0xffffffffffffffff

Linker script and memory map

LOAD main.o
                0x000000000075e000                BASE_ADDRESS = 0x75e000

.text           0x000000000075e000       0xe8
                0x000000000075e000                _ftext = .
 *(.text)
 .text          0x000000000075e000       0xd8 main.o
                0x000000000075e000                init
 *(.text.*)
 .text.startup  0x000000000075e0d8        0x8 main.o
                0x000000000075e0d8                main
 *(.gnu.linkonce.t*)
 *(.init)
 *(.fini)
                0x000000000075e0e0        0x8 QUAD 0x0
                [!provide]                        PROVIDE (_etext = .)
                [!provide]                        PROVIDE (etext = .)

.reginfo        0x000000000075e0e8       0x18
 *(.reginfo)
 .reginfo       0x000000000075e0e8       0x18 main.o

.ctors
 *crtbegin*.o(.ctors)
 *(EXCLUDE_FILE(*crtend*.o) .ctors)
 *(SORT_BY_NAME(.ctors.*))
 *(.ctors)

.dtors
 *crtbegin*.o(.dtors)
 *(EXCLUDE_FILE(*crtend*.o) .dtors)
 *(SORT_BY_NAME(.dtors.*))
 *(.dtors)

.rodata
 *(.rodata)
 *(.rodata.*)
 *(.gnu.linkonce.r*)

.MIPS.abiflags  0x000000000075e0e8       0x18
 .MIPS.abiflags
                0x000000000075e0e8       0x18 main.o

.data           0x000000000075e100        0x0
                0x000000000075e100                _fdata = .
 *(.data)
 .data          0x000000000075e100        0x0 main.o
 *(.data.*)
 *(.gnu.linkonce.d*)

.rdata
 *(.rdata)

.gcc_except_table
 *(.gcc_except_table)
                0x00000000007660f0                _gp = (ALIGN (0x80) + 0x7ff0)

.lit4
 *(.lit4)

.lit8
 *(.lit8)

.sdata
 *(.sdata)
 *(.sdata.*)
 *(.gnu.linkonce.s*)
                0x000000000075e100                _edata = .
                [!provide]                        PROVIDE (edata = .)

.sbss           0x000000000075e100        0x0
                0x000000000075e100                _fbss = .
 *(.sbss)
 *(.sbss.*)
 *(.gnu.linkonce.sb*)
 *(.scommon)

.bss            0x000000000075e100      0x648
 *(.bss)
 .bss           0x000000000075e100      0x648 main.o
                0x000000000075e100                MallocReturnAddr
                0x000000000075e108                PluginData
 *(.bss.*)
 *(.gnu.linkonce.b*)
 *(COMMON)
                0x000000000075e748                _end_bss = .
                0x000000000075e748                _end = .
                [!provide]                        PROVIDE (end = .)
                [!provide]                        PROVIDE (_heap_size = 0xffffffffffffffff)
                [!provide]                        PROVIDE (_stack = 0xffffffffffffffff)
                [!provide]                        PROVIDE (_stack_size = 0x20000)
OUTPUT(../../data/scripts/PLUGINS/PCSX2PluginInvoker.elf elf32-nlittlemips)

.pdr            0x0000000000000000       0x40
 .pdr           0x0000000000000000       0x40 main.o

.mdebug.abiN32  0x0000000000000000        0x0
 .mdebug.abiN32
                0x0000000000000000        0x0 main.o

.comment        0x0000000000000000       0x12
 .comment       0x0000000000000000       0x12 main.o
                                         0x13 (size before relaxing)

.gnu.attributes
                0x0000000000000000       0x10
 .gnu.attributes
                0x0000000000000000       0x10 main.o
